// Jest Snapshot v1, https://goo.gl/fbAQLP

exports[`parses components from html string 1`] = `
Object {
  "ackID": 0,
  "isCut": false,
  "nodeChanges": Array [
    Object {
      "blendMode": "PASS_THROUGH",
      "guid": Object {
        "localID": 0,
        "sessionID": 0,
      },
      "mask": false,
      "maskIsOutline": false,
      "name": "Document",
      "opacity": 1,
      "phase": "CREATED",
      "type": "DOCUMENT",
      "visible": true,
    },
    Object {
      "backgroundColor": Object {
        "a": 1,
        "b": 0.9607843160629272,
        "g": 0.9607843160629272,
        "r": 0.9607843160629272,
      },
      "backgroundEnabled": true,
      "backgroundOpacity": 1,
      "blendMode": "PASS_THROUGH",
      "exportBackgroundDisabled": false,
      "guid": Object {
        "localID": 1,
        "sessionID": 0,
      },
      "mask": false,
      "maskIsOutline": false,
      "name": "Page 1",
      "opacity": 1,
      "parentIndex": Object {
        "guid": Object {
          "localID": 0,
          "sessionID": 0,
        },
        "position": "!",
      },
      "phase": "CREATED",
      "transform": Object {
        "m00": 1,
        "m01": 0,
        "m02": 0,
        "m10": 0,
        "m11": 1,
        "m12": 0,
      },
      "type": "CANVAS",
      "visible": true,
    },
    Object {
      "arcData": Object {
        "endingAngle": 6.2831854820251465,
        "innerRadius": 0,
        "startingAngle": 0,
      },
      "blendMode": "PASS_THROUGH",
      "cornerRadius": 0,
      "cornerSmoothing": 0,
      "dashPattern": Array [],
      "fillPaints": Array [
        Object {
          "blendMode": "NORMAL",
          "color": Object {
            "a": 1,
            "b": 0,
            "g": 0,
            "r": 0.7541666626930237,
          },
          "opacity": 1,
          "type": "SOLID",
          "visible": true,
        },
      ],
      "guid": Object {
        "localID": 2,
        "sessionID": 2,
      },
      "handleMirroring": "NONE",
      "horizontalConstraint": "MIN",
      "locked": false,
      "mask": false,
      "maskIsOutline": false,
      "miterLimit": 4,
      "name": "Ellipse 1",
      "opacity": 1,
      "parentIndex": Object {
        "guid": Object {
          "localID": 1,
          "sessionID": 0,
        },
        "position": "!",
      },
      "phase": "CREATED",
      "proportionsConstrained": true,
      "size": Object {
        "x": 145,
        "y": 145,
      },
      "strokeAlign": "INSIDE",
      "strokeCap": "NONE",
      "strokeJoin": "MITER",
      "strokePaints": Array [],
      "strokeWeight": 1,
      "transform": Object {
        "m00": 1,
        "m01": 0,
        "m02": 0,
        "m10": 0,
        "m11": 1,
        "m12": 0,
      },
      "type": "ELLIPSE",
      "verticalConstraint": "MIN",
      "visible": true,
    },
    Object {
      "backgroundColor": Object {
        "a": 1,
        "b": 0.9607843160629272,
        "g": 0.9607843160629272,
        "r": 0.9607843160629272,
      },
      "backgroundEnabled": true,
      "backgroundOpacity": 1,
      "blendMode": "PASS_THROUGH",
      "exportBackgroundDisabled": false,
      "guid": Object {
        "localID": 2,
        "sessionID": 20000002,
      },
      "internalOnly": true,
      "mask": false,
      "maskIsOutline": false,
      "name": "Internal Only Canvas",
      "opacity": 1,
      "parentIndex": Object {
        "guid": Object {
          "localID": 0,
          "sessionID": 0,
        },
        "position": "\\"",
      },
      "phase": "CREATED",
      "transform": Object {
        "m00": 1,
        "m01": 0,
        "m02": 0,
        "m10": 0,
        "m11": 1,
        "m12": 0,
      },
      "type": "CANVAS",
      "visible": false,
    },
  ],
  "pasteEditorType": "DESIGN",
  "pasteFileKey": "whhd71XEXzYNauiHCeztfu",
  "pasteID": 2130739331,
  "pasteIsPartiallyOutsideEnclosingFrame": false,
  "pastePageId": Object {
    "localID": 1,
    "sessionID": 0,
  },
  "sessionID": 0,
  "type": "NODE_CHANGES",
}
`;
